// Jest Snapshot v1, https://goo.gl/fbAQLP

exports[`Accordion component matches snapshot 1`] = `
<div>
  <div
    class="p-accordion"
  >
    <div
      class="p-accordion__item collapsed"
    >
      <div
        class="p-accordion__title"
        role="presentation"
      >
        <div
          class="p-accordion__title__wrap"
        >
          Test
        </div>
        <svg
          class="p-accordion__icon"
          fill="#141414"
          height="16"
          preserveAspectRatio="xMidYMid meet"
          viewBox="0 0 14 14"
          width="16"
        >
          <path
            clip-rule="evenodd"
            d="M7 11.3L1.46968 5.76967L2.53033 4.70901L7 9.17868L11.4697 4.70901L12.5303 5.76967L7 11.3Z"
            fill-rule="evenodd"
          />
        </svg>
      </div>
      <div
        class="p-accordion__body"
      >
        Test content
      </div>
    </div>
    <div
      class="p-accordion__item collapsed"
    >
      <div
        class="p-accordion__title"
        role="presentation"
      >
        <div
          class="p-accordion__title__wrap"
        >
          Test 2
        </div>
        <svg
          class="p-accordion__icon"
          fill="#141414"
          height="16"
          preserveAspectRatio="xMidYMid meet"
          viewBox="0 0 14 14"
          width="16"
        >
          <path
            clip-rule="evenodd"
            d="M7 11.3L1.46968 5.76967L2.53033 4.70901L7 9.17868L11.4697 4.70901L12.5303 5.76967L7 11.3Z"
            fill-rule="evenodd"
          />
        </svg>
      </div>
      <div
        class="p-accordion__body"
      >
        Test content 2
      </div>
    </div>
  </div>
</div>
`;
